// Jest Snapshot v1, https://goo.gl/fbAQLP

exports[`Header Should match the snapshot 1`] = `
<header
  className="header"
>
  <img
    alt="Trapper Keeper Logo"
    className="logo"
    src="TK-logo.svg"
  />
</header>
`;
