// Jest Snapshot v1, https://goo.gl/fbAQLP

exports[`App component should match the snapshot 1`] = `
<div
  className="App"
>
  <Header />
  <Route
    component={
      Object {
        "$$typeof": Symbol(react.memo),
        "WrappedComponent": [Function],
        "compare": null,
        "displayName": "Connect(Form)",
        "type": [Function],
      }
    }
    exact={true}
    path="/new-note"
  />
  <Route
    exact={true}
    path="/notes/:id"
    render={[Function]}
  />
  <Switch>
    <Route
      component={
        Object {
          "$$typeof": Symbol(react.memo),
          "WrappedComponent": [Function],
          "compare": null,
          "displayName": "Connect(CardContainer)",
          "type": [Function],
        }
      }
      exact={true}
      path="/"
    />
    <Route
      component={
        Object {
          "$$typeof": Symbol(react.memo),
          "WrappedComponent": [Function],
          "compare": null,
          "displayName": "Connect(CardContainer)",
          "type": [Function],
        }
      }
      exact={true}
      path="/notes/:id"
    />
    <Route
      component={
        Object {
          "$$typeof": Symbol(react.memo),
          "WrappedComponent": [Function],
          "compare": null,
          "displayName": "Connect(CardContainer)",
          "type": [Function],
        }
      }
      exact={true}
      path="/new-note"
    />
    <Route
      component={[Function]}
      path=""
    />
  </Switch>
</div>
`;
