// Jest Snapshot v1, https://goo.gl/fbAQLP

exports[`NotFound should match the snapshot 1`] = `
<div
  className="not-found"
>
  <img
    alt="404 Error: page not found"
    src="notFound-bg.svg"
  />
  <h1>
    The page you're looking for either can't be found or does not exist
  </h1>
  <Link
    className="return-home"
    to="/"
  >
    Click here to return to Trapper Keeper
  </Link>
</div>
`;
