// Jest Snapshot v1, https://goo.gl/fbAQLP

exports[`CardContainer component should match the snapshot 1`] = `
<div
  className="card-container"
>
  <NavLink
    className="create-card-btn"
    to="/new-note"
  >
    <img
      alt="Create new card plus sign icon"
      className="createNew"
      src="create-new.svg"
    />
  </NavLink>
  <ConnectFunction
    card={Object {}}
  />
  <ConnectFunction
    card={Object {}}
  />
</div>
`;
